[2026-07-20T10:56:36.230Z] LOW STD-NAMING: File "DECISIONS-FOR-AVI.md" uses PascalCase, expected camelCase (C:\Dev\Mellerick\DECISIONS-FOR-AVI.md)
[2026-07-20T11:19:27.240Z] LOW STD-NAMING: File "DECISIONS-FOR-AVI.md" uses PascalCase, expected camelCase (C:\Dev\Mellerick\DECISIONS-FOR-AVI.md)
[2026-07-20T13:07:54.562Z] HIGH STD-ANY: 'any' type detected at line 26 (C:\Dev\Mellerick\supabase\schema.sql)
[2026-07-20T13:09:18.604Z] CRITICAL SEC-SECRETS: Possible secret/password at line 18 (C:\Dev\Mellerick\tests\rls\helpers.ts)
[2026-07-20T16:56:48.230Z] LOW STD-NAMING: File "DECISIONS-FOR-AVI.md" uses PascalCase, expected camelCase (C:\Dev\Mellerick\mobile\DECISIONS-FOR-AVI.md)
[2026-07-20T17:12:43.914Z] LOW STD-NAMING: File "RoleGate.tsx" uses PascalCase, expected camelCase (C:\Dev\Mellerick\mobile\design\guards\RoleGate.tsx)
[2026-07-20T17:12:54.666Z] LOW STD-NAMING: File "MoneyText.tsx" uses PascalCase, expected camelCase (C:\Dev\Mellerick\mobile\design\components\MoneyText.tsx)
[2026-07-20T17:13:09.174Z] LOW STD-NAMING: File "Button.tsx" uses PascalCase, expected camelCase (C:\Dev\Mellerick\mobile\design\components\Button.tsx)
[2026-07-20T17:13:25.255Z] LOW STD-NAMING: File "MoneyText.test.tsx" uses PascalCase, expected camelCase (C:\Dev\Mellerick\mobile\design\components\MoneyText.test.tsx)
[2026-07-20T17:13:34.567Z] LOW STD-NAMING: File "RoleGate.test.tsx" uses PascalCase, expected camelCase (C:\Dev\Mellerick\mobile\design\guards\RoleGate.test.tsx)
[2026-07-20T17:13:45.431Z] LOW STD-NAMING: File "Button.test.tsx" uses PascalCase, expected camelCase (C:\Dev\Mellerick\mobile\design\components\Button.test.tsx)
[2026-07-21T13:12:17.192Z] LOW STD-NAMING: File "DataProvider.tsx" uses PascalCase, expected camelCase (C:\Dev\Mellerick\mobile\lib\data\DataProvider.tsx)
[2026-07-21T14:06:40.495Z] HIGH STD-ANY: 'any' type detected at line 31 (C:\Dev\Mellerick\mobile\components\job\notes.tsx)
[2026-07-21T16:29:51.610Z] LOW STD-NAMING: File "FinanceListRow.test.tsx" uses PascalCase, expected camelCase (C:\Dev\Mellerick\mobile\design\components\FinanceListRow.test.tsx)
[2026-07-21T17:03:32.724Z] LOW STD-NAMING: File "DECISIONS-FOR-AVI.md" uses PascalCase, expected camelCase (C:\Dev\Mellerick\mobile\DECISIONS-FOR-AVI.md)
[2026-07-21T17:15:08.876Z] LOW STD-NAMING: File "DECISIONS-FOR-AVI.md" uses PascalCase, expected camelCase (C:\Dev\Mellerick\mobile\DECISIONS-FOR-AVI.md)
[2026-07-26T10:07:03.625Z] LOW STD-NAMING: File "DECISIONS-FOR-AVI.md" uses PascalCase, expected camelCase (C:\Dev\Mellerick\mobile\DECISIONS-FOR-AVI.md)
[2026-07-26T12:07:42.030Z] LOW STD-NAMING: File "DECISIONS-FOR-AVI.md" uses PascalCase, expected camelCase (C:\Dev\Mellerick\mobile\DECISIONS-FOR-AVI.md)
[2026-07-26T12:07:58.179Z] LOW STD-NAMING: File "DECISIONS-FOR-AVI.md" uses PascalCase, expected camelCase (C:\Dev\Mellerick\mobile\DECISIONS-FOR-AVI.md)
[2026-07-26T12:27:38.039Z] LOW STD-NAMING: File "DECISIONS-FOR-AVI.md" uses PascalCase, expected camelCase (C:\Dev\Mellerick\mobile\DECISIONS-FOR-AVI.md)
[2026-07-26T12:27:38.039Z] CRITICAL SEC-SQLI: Potential SQL injection via string concatenation at line 1 (C:\Dev\Mellerick\mobile\DECISIONS-FOR-AVI.md)
[2026-07-26T12:28:12.654Z] LOW STD-NAMING: File "DECISIONS-FOR-AVI.md" uses PascalCase, expected camelCase (C:\Dev\Mellerick\mobile\DECISIONS-FOR-AVI.md)
[2026-07-26T12:28:26.969Z] LOW STD-NAMING: File "DECISIONS-FOR-AVI.md" uses PascalCase, expected camelCase (C:\Dev\Mellerick\mobile\DECISIONS-FOR-AVI.md)
[2026-07-26T12:41:51.077Z] LOW STD-NAMING: File "GAP-ANALYSIS.md" uses PascalCase, expected camelCase (C:\Dev\Mellerick\mobile\GAP-ANALYSIS.md)
[2026-07-26T12:42:10.693Z] LOW STD-NAMING: File "HANDOVER-mobile.md" uses PascalCase, expected camelCase (C:\Dev\Mellerick\mobile\HANDOVER-mobile.md)
[2026-07-26T16:02:18.527Z] HIGH STD-ANY: 'any' type detected at line 1 (C:\Dev\Mellerick\mobile\components\job\variations.tsx)
[2026-07-26T16:02:18.527Z] HIGH STD-ANY: 'any' type detected at line 2 (C:\Dev\Mellerick\mobile\components\job\variations.tsx)
[2026-07-26T16:02:18.527Z] HIGH STD-ANY: 'any' type detected at line 5 (C:\Dev\Mellerick\mobile\components\job\variations.tsx)
[2026-07-26T16:25:43.029Z] LOW STD-NAMING: File "GAP-ANALYSIS.md" uses PascalCase, expected camelCase (C:\Dev\Mellerick\mobile\GAP-ANALYSIS.md)
[2026-07-26T16:36:20.253Z] LOW STD-NAMING: File "DECISIONS-FOR-AVI.md" uses PascalCase, expected camelCase (C:\Dev\Mellerick\mobile\DECISIONS-FOR-AVI.md)
[2026-07-26T16:36:31.978Z] LOW STD-NAMING: File "HANDOVER-mobile.md" uses PascalCase, expected camelCase (C:\Dev\Mellerick\mobile\HANDOVER-mobile.md)
[2026-07-26T17:10:27.583Z] LOW STD-NAMING: File "DECISIONS-FOR-AVI.md" uses PascalCase, expected camelCase (C:\Dev\Mellerick\mobile\DECISIONS-FOR-AVI.md)
[2026-07-26T17:16:15.946Z] LOW STD-NAMING: File "DECISIONS-FOR-AVI.md" uses PascalCase, expected camelCase (C:\Dev\Mellerick\mobile\DECISIONS-FOR-AVI.md)
[2026-07-26T17:16:24.683Z] LOW STD-NAMING: File "DECISIONS-FOR-AVI.md" uses PascalCase, expected camelCase (C:\Dev\Mellerick\mobile\DECISIONS-FOR-AVI.md)
[2026-07-26T17:20:20.797Z] LOW STD-NAMING: File "DECISIONS-FOR-AVI.md" uses PascalCase, expected camelCase (C:\Dev\Mellerick\mobile\DECISIONS-FOR-AVI.md)
[2026-07-27T11:11:36.291Z] LOW SEC-LOG: console.log/debug in production code at line 164 (C:\Dev\Mellerick\mobile\scripts\generate-powersync-schema.mjs)
[2026-07-27T11:45:53.121Z] LOW STD-NAMING: File "PowerSyncProvider.tsx" uses PascalCase, expected camelCase (C:\Dev\Mellerick\mobile\lib\data\PowerSyncProvider.tsx)
[2026-07-27T12:04:27.591Z] LOW STD-NAMING: File "PowerSyncProvider.tsx" uses PascalCase, expected camelCase (C:\Dev\Mellerick\mobile\lib\data\PowerSyncProvider.tsx)
[2026-07-28T08:29:55.076Z] LOW STD-NAMING: File "PowerSyncProvider.tsx" uses PascalCase, expected camelCase (C:\Dev\Mellerick\mobile\lib\data\PowerSyncProvider.tsx)
[2026-07-28T08:29:55.076Z] LOW SEC-LOG: console.log/debug in production code at line 3 (C:\Dev\Mellerick\mobile\lib\data\PowerSyncProvider.tsx)
[2026-07-28T08:29:55.076Z] LOW SEC-LOG: console.log/debug in production code at line 6 (C:\Dev\Mellerick\mobile\lib\data\PowerSyncProvider.tsx)
[2026-07-28T08:29:55.076Z] LOW SEC-LOG: console.log/debug in production code at line 12 (C:\Dev\Mellerick\mobile\lib\data\PowerSyncProvider.tsx)
[2026-07-28T08:29:55.076Z] LOW SEC-LOG: console.log/debug in production code at line 15 (C:\Dev\Mellerick\mobile\lib\data\PowerSyncProvider.tsx)
[2026-07-28T08:30:30.342Z] LOW STD-NAMING: File "PowerSyncProvider.tsx" uses PascalCase, expected camelCase (C:\Dev\Mellerick\mobile\lib\data\PowerSyncProvider.tsx)
[2026-07-28T08:30:30.342Z] LOW SEC-LOG: console.log/debug in production code at line 2 (C:\Dev\Mellerick\mobile\lib\data\PowerSyncProvider.tsx)
[2026-07-28T09:05:17.226Z] LOW STD-NAMING: File "PowerSyncProvider.tsx" uses PascalCase, expected camelCase (C:\Dev\Mellerick\mobile\lib\data\PowerSyncProvider.tsx)
[2026-07-28T12:21:39.185Z] LOW STD-NAMING: File "HANDOVER-BACKEND.md" uses PascalCase, expected camelCase (C:\Dev\Mellerick\HANDOVER-BACKEND.md)
[2026-08-02T12:57:33.417Z] HIGH STD-ANY: 'any' type detected at line 95 (C:\Dev\Mellerick\supabase\audit\production-security-audit.sql)
[2026-08-02T13:19:59.256Z] LOW STD-NAMING: File "DECISIONS-FOR-AVI.md" uses PascalCase, expected camelCase (C:\Dev\Mellerick\mobile\DECISIONS-FOR-AVI.md)
[2026-08-02T14:56:57.537Z] LOW STD-NAMING: File "DECISIONS-FOR-AVI.md" uses PascalCase, expected camelCase (C:\Dev\Mellerick\mobile\DECISIONS-FOR-AVI.md)
[2026-08-02T15:43:43.977Z] HIGH STD-ANY: 'any' type detected at line 65 (C:\Dev\Mellerick\mobile\lib\autoClockHours.test.ts)
[2026-08-03T01:46:24.340Z] LOW SEC-LOG: console.log/debug in production code at line 101 (C:\Dev\Mellerick\scripts\check-schema-drift.mjs)
